
> delivery-app-back-end@0.1.0 start
> npm run with-env react-scripts start


> delivery-app-back-end@0.1.0 with-env
> SKIP_PREFLIGHT_CHECK=true "react-scripts" "start"

[34mâ„¹[39m [90mï½¢wdsï½£[39m: Project is running at http://10.0.0.177/
[34mâ„¹[39m [90mï½¢wdsï½£[39m: webpack output is served from 
[34mâ„¹[39m [90mï½¢wdsï½£[39m: Content not from webpack is served from /home/adrianwarrior/Desktop/TRYBE/projetos/c/sd-09-project-delivery-app/front-end/public
[34mâ„¹[39m [90mï½¢wdsï½£[39m: 404s will fallback to /
Starting the development server...

(node:9519) [DEP0128] DeprecationWarning: Invalid 'main' field in '/home/adrianwarrior/Desktop/TRYBE/projetos/c/sd-09-project-delivery-app/front-end/node_modules/eslint-plugin-react-redux/package.json' of 'dist/index.js'. Please either fix that or report it to the module author
(Use `node --trace-deprecation ...` to show where the warning was created)
Compiled successfully!

You can now view delivery-app-back-end in the browser.

  Local:            http://localhost:3000
  On Your Network:  http://10.0.0.177:3000

Note that the development build is not optimized.
To create a production build, use npm run build.


> delivery-app-back-end@0.1.0 start
> npm run with-env react-scripts start


> delivery-app-back-end@0.1.0 with-env
> SKIP_PREFLIGHT_CHECK=true "react-scripts" "start"

Something is already running on port 3000.

> delivery-app-back-end@0.1.0 start
> npm run with-env react-scripts start


> delivery-app-back-end@0.1.0 with-env
> SKIP_PREFLIGHT_CHECK=true "react-scripts" "start"

Something is already running on port 3000.
The build failed because the process exited too early. This probably means the system ran out of memory or someone called `kill -9` on the process.

> delivery-app-back-end@0.1.0 start
> npm run with-env react-scripts start


> delivery-app-back-end@0.1.0 with-env
> SKIP_PREFLIGHT_CHECK=true "react-scripts" "start"

[34mâ„¹[39m [90mï½¢wdsï½£[39m: Project is running at http://10.0.0.177/
[34mâ„¹[39m [90mï½¢wdsï½£[39m: webpack output is served from 
[34mâ„¹[39m [90mï½¢wdsï½£[39m: Content not from webpack is served from /home/adrianwarrior/Desktop/TRYBE/projetos/c/sd-09-project-delivery-app/front-end/public
[34mâ„¹[39m [90mï½¢wdsï½£[39m: 404s will fallback to /
Starting the development server...


> delivery-app-back-end@0.1.0 start
> npm run with-env react-scripts start


> delivery-app-back-end@0.1.0 with-env
> SKIP_PREFLIGHT_CHECK=true "react-scripts" "start"

[34mâ„¹[39m [90mï½¢wdsï½£[39m: Project is running at http://10.0.0.177/
[34mâ„¹[39m [90mï½¢wdsï½£[39m: webpack output is served from 
[34mâ„¹[39m [90mï½¢wdsï½£[39m: Content not from webpack is served from /home/adrianwarrior/Desktop/TRYBE/projetos/c/sd-09-project-delivery-app/front-end/public
[34mâ„¹[39m [90mï½¢wdsï½£[39m: 404s will fallback to /
Starting the development server...

(node:11890) [DEP0128] DeprecationWarning: Invalid 'main' field in '/home/adrianwarrior/Desktop/TRYBE/projetos/c/sd-09-project-delivery-app/front-end/node_modules/eslint-plugin-react-redux/package.json' of 'dist/index.js'. Please either fix that or report it to the module author
(Use `node --trace-deprecation ...` to show where the warning was created)
Compiled successfully!

You can now view delivery-app-back-end in the browser.

  Local:            http://localhost:3000
  On Your Network:  http://10.0.0.177:3000

Note that the development build is not optimized.
To create a production build, use npm run build.


> delivery-app-back-end@0.1.0 start
> npm run with-env react-scripts start


> delivery-app-back-end@0.1.0 with-env
> SKIP_PREFLIGHT_CHECK=true "react-scripts" "start"

[34mâ„¹[39m [90mï½¢wdsï½£[39m: Project is running at http://10.0.0.177/
[34mâ„¹[39m [90mï½¢wdsï½£[39m: webpack output is served from 
[34mâ„¹[39m [90mï½¢wdsï½£[39m: Content not from webpack is served from /home/adrianwarrior/Desktop/TRYBE/projetos/c/sd-09-project-delivery-app/front-end/public
[34mâ„¹[39m [90mï½¢wdsï½£[39m: 404s will fallback to /
Starting the development server...

(node:12479) [DEP0128] DeprecationWarning: Invalid 'main' field in '/home/adrianwarrior/Desktop/TRYBE/projetos/c/sd-09-project-delivery-app/front-end/node_modules/eslint-plugin-react-redux/package.json' of 'dist/index.js'. Please either fix that or report it to the module author
(Use `node --trace-deprecation ...` to show where the warning was created)
Compiled successfully!

You can now view delivery-app-back-end in the browser.

  Local:            http://localhost:3000
  On Your Network:  http://10.0.0.177:3000

Note that the development build is not optimized.
To create a production build, use npm run build.

